Command: /home/thomas/.espressif/python_env/idf6.0_py3.11_env/bin/python /home/thomas/esp/esp-idf/tools/idf_monitor.py -p /dev/ttyUSB0 -b 115200 --toolchain-prefix xtensa-esp32-elf- --target esp32 --revision 0 /home/thomas/Documents/embedded_system/Project_Weather/dev_component_dht22/build/Project_Weather.elf /home/thomas/Documents/embedded_system/Project_Weather/dev_component_dht22/build/bootloader/bootloader.elf -m '/home/thomas/.espressif/python_env/idf6.0_py3.11_env/bin/python' '/home/thomas/esp/esp-idf/tools/idf.py'
xï¿½ï¿½ï¿½ï¿½ï¿½ï¿½ets Jul 29 2019 12:21:46

rst:0x1 (POWERON_RESET),boot:0x17 (SPI_FAST_FLASH_BOOT)
configsip: 0, SPIWP:0xee
clk_drv:0x00,q_drv:0x00,d_drv:0x00,cs0_drv:0x00,hd_drv:0x00,wp_drv:0x00
mode:DIO, clock div:2
load:0x3fff0030,len:6380
ho 0 tail 12 room 4
load:0x40078000,len:15904
load:0x40080400,len:3860
entry 0x40080638
[0;32mI (29) boot: ESP-IDF v5.5-dev-3703-gf9765d0316 2nd stage bootloader[0m
[0;32mI (29) boot: compile time Jun  8 2025 15:58:20[0m
[0;32mI (29) boot: Multicore bootloader[0m
[0;32mI (32) boot: chip revision: v3.1[0m
[0;32mI (35) boot.esp32: SPI Speed      : 40MHz[0m
[0;32mI (39) boot.esp32: SPI Mode       : DIO[0m
[0;32mI (42) boot.esp32: SPI Flash Size : 2MB[0m
[0;32mI (46) boot: Enabling RNG early entropy source...[0m
[0;32mI (50) boot: Partition Table:[0m
[0;32mI (53) boot: ## Label            Usage          Type ST Offset   Length[0m
[0;32mI (59) boot:  0 nvs              WiFi data        01 02 00009000 00006000[0m
[0;32mI (66) boot:  1 phy_init         RF data          01 01 0000f000 00001000[0m
[0;32mI (72) boot:  2 factory          factory app      00 00 00010000 00100000[0m
[0;32mI (79) boot: End of partition table[0m
[0;32mI (82) esp_image: segment 0: paddr=00010020 vaddr=3f400020 size=0a0a4h ( 41124) map[0m
[0;32mI (104) esp_image: segment 1: paddr=0001a0cc vaddr=3ff80000 size=00020h (    32) load[0m
[0;32mI (104) esp_image: segment 2: paddr=0001a0f4 vaddr=3ffb0000 size=0240ch (  9228) load[0m
[0;32mI (111) esp_image: segment 3: paddr=0001c508 vaddr=40080000 size=03b10h ( 15120) load[0m
[0;32mI (121) esp_image: segment 4: paddr=00020020 vaddr=400d0020 size=164fch ( 91388) map[0m
[0;32mI (154) esp_image: segment 5: paddr=00036524 vaddr=40083b10 size=09bb8h ( 39864) load[0m
[0;32mI (176) boot: Loaded app from partition at offset 0x10000[0m
[0;32mI (176) boot: Disabling RNG early entropy source...[0m
[0;32mI (187) cpu_start: Multicore app[0m
[0;32mI (195) cpu_start: Pro cpu start user code[0m
[0;32mI (195) cpu_start: cpu freq: 160000000 Hz[0m
[0;32mI (195) app_init: Application information:[0m
[0;32mI (195) app_init: Project name:     Project_Weather[0m
[0;32mI (200) app_init: App version:      1[0m
[0;32mI (203) app_init: Compile time:     Jun  8 2025 15:58:12[0m
[0;32mI (208) app_init: ELF file SHA256:  73994fee2...[0m
[0;32mI (213) app_init: ESP-IDF:          v5.5-dev-3703-gf9765d0316[0m
[0;32mI (218) efuse_init: Min chip rev:     v0.0[0m
[0;32mI (222) efuse_init: Max chip rev:     v3.99 [0m
[0;32mI (226) efuse_init: Chip rev:         v3.1[0m
[0;32mI (230) heap_init: Initializing. RAM available for dynamic allocation:[0m
[0;32mI (236) heap_init: At 3FFAE6E0 len 00001920 (6 KiB): DRAM[0m
[0;32mI (241) heap_init: At 3FFB2D08 len 0002D2F8 (180 KiB): DRAM[0m
[0;32mI (246) heap_init: At 3FFE0440 len 00003AE0 (14 KiB): D/IRAM[0m
[0;32mI (252) heap_init: At 3FFE4350 len 0001BCB0 (111 KiB): D/IRAM[0m
[0;32mI (257) heap_init: At 4008D6C8 len 00012938 (74 KiB): IRAM[0m
[0;32mI (264) spi_flash: detected chip: generic[0m
[0;32mI (266) spi_flash: flash io: dio[0m
[0;33mW (269) spi_flash: Detected size(4096k) larger than the size in the binary image header(2048k). Using the size in the binary image header.[0m
[0;32mI (282) main_task: Started on CPU0[0m
[0;32mI (292) main_task: Calling app_main()[0m
Starting DHT Task

=== Reading DHT ===
00000 00111 01101 00000 00001 11100 11110 01110 
0 0
0 0
0 0
0 0
0 0
0 0
0 0
1 128
dataByte 0 is 128
0 0
0 0
1 4
1 8
1 16
0 0
1 64
1 128
dataByte 1 is 220
0 0
1 2
1 4
0 0
1 16
0 0
0 0
0 0
dataByte 2 is 22
0 0
0 0
0 0
0 0
0 0
0 0
0 0
0 0
dataByte 3 is 0
0 0
0 0
0 0
0 0
1 16
1 32
1 64
1 128
dataByte 4 is 240
Humidity 0.0
Temperature 0.0
[0;32mI (20332) main_task: Returned from app_main()[0m
=== Reading DHT ===
00000 00111 10010 00000 00001 11100 10110 10111 
0 0
0 0
0 0
0 0
0 0
0 0
0 0
1 128
dataByte 0 is 128
0 0
0 0
1 4
1 8
1 16
1 32
0 0
0 0
dataByte 1 is 60
1 1
0 0
0 0
1 8
0 0
0 0
0 0
0 0
dataByte 2 is 9
0 0
0 0
0 0
0 0
0 0
0 0
0 0
0 0
dataByte 3 is 0
0 0
0 0
0 0
0 0
1 16
1 32
1 64
1 128
dataByte 4 is 240
Humidity 0.0
Temperature 0.0
=== Reading DHT ===
00000 00111 01101 00000 00001 11100 10110 01101 
0 0
0 0
0 0
0 0
0 0
0 0
0 0
1 128
dataByte 0 is 128
0 0
0 0
1 4
1 8
1 16
0 0
1 64
1 128
dataByte 1 is 220
0 0
1 2
1 4
0 0
1 16
0 0
0 0
0 0
dataByte 2 is 22
0 0
0 0
0 0
0 0
0 0
0 0
0 0
0 0
dataByte 3 is 0
0 0
0 0
0 0
0 0
1 16
1 32
1 64
1 128
dataByte 4 is 240
Humidity 0.0
Temperature 0.0
=== Reading DHT ===
00000 00111 10000 00000 00001 11100 11110 10100 
0 0
0 0
0 0
0 0
0 0
0 0
0 0
1 128
dataByte 0 is 128
0 0
0 0
1 4
1 8
1 16
1 32
0 0
0 0
dataByte 1 is 60
1 1
0 0
0 0
0 0
0 0
0 0
0 0
0 0
dataByte 2 is 1
0 0
0 0
0 0
0 0
0 0
0 0
0 0
0 0
dataByte 3 is 0
0 0
0 0
0 0
0 0
1 16
1 32
1 64
1 128
dataByte 4 is 240
Humidity 0.0
Temperature 0.0
=== Reading DHT ===
00000 00111 01011 10000 00001 11100 11110 01011 
0 0
0 0
0 0
0 0
0 0
0 0
0 0
1 128
dataByte 0 is 128
0 0
0 0
1 4
1 8
1 16
0 0
1 64
0 0
dataByte 1 is 92
0 0
1 2
0 0
1 8
1 16
1 32
0 0
0 0
dataByte 2 is 58
1 1
0 0
0 0
0 0
0 0
0 0
0 0
0 0
dataByte 3 is 1
0 0
0 0
0 0
0 0
1 16
1 32
1 64
1 128
dataByte 4 is 240
Humidity 0.0
Temperature 0.0

***ERROR*** A stack overflow in task DHT_task has been detected.


Backtrace: 0x40081879:0x3ffb5580 0x400854e1:0x3ffb55a0 0x4008607e:0x3ffb55c0 0x400870f3:0x3ffb5640 0x40086188:0x3ffb5660 0x4008613a:0x00000004 |<-CORRUPTED




ELF file SHA256: 73994fee2

Rebooting...
ets Jul 29 2019 12:21:46

rst:0xc (SW_CPU_RESET),boot:0x17 (SPI_FAST_FLASH_BOOT)
configsip: 0, SPIWP:0xee
clk_drv:0x00,q_drv:0x00,d_drv:0x00,cs0_drv:0x00,hd_drv:0x00,wp_drv:0x00
mode:DIO, clock div:2
load:0x3fff0030,len:6380
ho 0 tail 12 room 4
load:0x40078000,len:15904
load:0x40080400,len:3860
entry 0x40080638
[0;32mI (29) boot: ESP-IDF v5.5-dev-3703-gf9765d0316 2nd stage bootloader[0m
[0;32mI (29) boot: compile time Jun  8 2025 15:58:20[0m
[0;32mI (29) boot: Multicore bootloader[0m
[0;32mI (32) boot: chip revision: v3.1[0m
[0;32mI (35) boot.esp32: SPI Speed      : 40MHz[0m
[0;32mI (39) boot.esp32: SPI Mode       : DIO[0m
[0;32mI (42) boot.esp32: SPI Flash Size : 2MB[0m
[0;32mI (46) boot: Enabling RNG early entropy source...[0m
[0;32mI (50) boot: Partition Table:[0m
[0;32mI (53) boot: ## Label            Usage          Type ST Offset   Length[0m
[0;32mI (59) boot:  0 nvs              WiFi data        01 02 00009000 00006000[0m
[0;32mI (66) boot:  1 phy_init         RF data          01 01 0000f000 00001000[0m
[0;32mI (72) boot:  2 factory          factory app      00 00 00010000 00100000[0m
[0;32mI (79) boot: End of partition table[0m
[0;32mI (82) esp_image: segment 0: paddr=00010020 vaddr=3f400020 size=0a0a4h ( 41124) map[0m
[0;32mI (104) esp_image: segment 1: paddr=0001a0cc vaddr=3ff80000 size=00020h (    32) load[0m
[0;32mI (104) esp_image: segment 2: paddr=0001a0f4 vaddr=3ffb0000 size=0240ch (  9228) load[0m
[0;32mI (111) esp_image: segment 3: paddr=0001c508 vaddr=40080000 size=03b10h ( 15120) load[0m
[0;32mI (121) esp_image: segment 4: paddr=00020020 vaddr=400d0020 size=164fch ( 91388) map[0m
[0;32mI (154) esp_image: segment 5: paddr=00036524 vaddr=40083b10 size=09bb8h ( 39864) load[0m
[0;32mI (176) boot: Loaded app from partition at offset 0x10000[0m
[0;32mI (176) boot: Disabling RNG early entropy source...[0m
[0;32mI (187) cpu_start: Multicore app[0m
[0;32mI (195) cpu_start: Pro cpu start user code[0m
[0;32mI (195) cpu_start: cpu freq: 160000000 Hz[0m
[0;32mI (195) app_init: Application information:[0m
[0;32mI (195) app_init: Project name:     Project_Weather[0m
[0;32mI (200) app_init: App version:      1[0m
[0;32mI (203) app_init: Compile time:     Jun  8 2025 15:58:12[0m
[0;32mI (208) app_init: ELF file SHA256:  73994fee2...[0m
[0;32mI (212) app_init: ESP-IDF:          v5.5-dev-3703-gf9765d0316[0m
[0;32mI (218) efuse_init: Min chip rev:     v0.0[0m
[0;32mI (222) efuse_init: Max chip rev:     v3.99 [0m
[0;32mI (226) efuse_init: Chip rev:         v3.1[0m
[0;32mI (230) heap_init: Initializing. RAM available for dynamic allocation:[0m
[0;32mI (236) heap_init: At 3FFAE6E0 len 00001920 (6 KiB): DRAM[0m
[0;32mI (241) heap_init: At 3FFB2D08 len 0002D2F8 (180 KiB): DRAM[0m
[0;32mI (246) heap_init: At 3FFE0440 len 00003AE0 (14 KiB): D/IRAM[0m
[0;32mI (252) heap_init: At 3FFE4350 len 0001BCB0 (111 KiB): D/IRAM[0m
[0;32mI (257) heap_init: At 4008D6C8 len 00012938 (74 KiB): IRAM[0m
[0;32mI (264) spi_flash: detected chip: generic[0m
[0;32mI (266) spi_flash: flash io: dio[0m
[0;33mW (269) spi_flash: Detected size(4096k) larger than the size in the binary image header(2048k). Using the size in the binary image header.[0m
[0;32mI (282) main_task: Started on CPU0[0m
[0;32mI (292) main_task: Calling app_main()[0m
Starting DHT Task

=== Reading DHT ===
00000 00111 01101 10000 00001 11100 11110 01111 
0 0
0 0
0 0
0 0
0 0
0 0
0 0
1 128
dataByte 0 is 128
0 0
0 0
1 4
1 8
1 16
0 0
1 64
1 128
dataByte 1 is 220
0 0
1 2
1 4
0 0
1 16
1 32
0 0
0 0
dataByte 2 is 54
1 1
0 0
0 0
0 0
0 0
0 0
0 0
0 0
dataByte 3 is 1
0 0
0 0
0 0
0 0
1 16
1 32
1 64
1 128
dataByte 4 is 240
Humidity 0.0
Temperature 0.0
[0;32mI (20332) main_task: Returned from app_main()[0m
=== Reading DHT ===
00000 00111 01100 10000 00001 11100 11110 01101 
0 0
0 0
0 0
0 0
0 0
0 0
0 0
1 128
dataByte 0 is 128
0 0
0 0
1 4
1 8
1 16
0 0
1 64
1 128
dataByte 1 is 220
0 0
1 2
1 4
0 0
0 0
1 32
0 0
0 0
dataByte 2 is 38
1 1
0 0
0 0
0 0
0 0
0 0
0 0
0 0
dataByte 3 is 1
0 0
0 0
0 0
0 0
1 16
1 32
1 64
1 128
dataByte 4 is 240
Humidity 0.0
Temperature 0.0
=== Reading DHT ===
00000 00111 10000 00000 00001 11100 11110 10100 
0 0
0 0
0 0
0 0
0 0
0 0
0 0
1 128
dataByte 0 is 128
0 0
0 0
1 4
1 8
1 16
1 32
0 0
0 0
dataByte 1 is 60
1 1
0 0
0 0
0 0
0 0
0 0
0 0
0 0
dataByte 2 is 1
0 0
0 0
0 0
0 0
0 0
0 0
0 0
0 0
dataByte 3 is 0
0 0
0 0
0 0
0 0
1 16
1 32
1 64
1 128
dataByte 4 is 240
Humidity 0.0
Temperature 0.0
